create table int_64_model (
  id bigint primary key auto_increment,
  enum bigint
);
