create table an_entity (
  id bigint primary key auto_increment,
  a_str char(255),
  b_str varchar(128)
);
