create table int_32_data (
  id bigint primary key auto_increment,
  enum int
);
