package my_data_model

import (
	context "context"
	sql "database/sql"
	errors "errors"
	fmt "fmt"
	with_db_context "github.com/thecodedproject/dbcrudgen/examples/with_db_context"
	lib "github.com/thecodedproject/dbcrudgen/lib"
	time "github.com/thecodedproject/gotest/time"
)

func Insert(
	ctx context.Context,
	d with_db_context.MyDataModel,
) (int64, error) {

	db, err := lib.DBFromContext(ctx)
	if err != nil {
		return 0, err
	}

	r, err := db.ExecContext(
		ctx,
		"insert into my_data_model set inserted_at=?, updated_at=?, some_string=?, some_int=?, some_bool=?",
		time.Now(),
		time.Now(),
		d.SomeString,
		d.SomeInt,
		d.SomeBool,
	)
	if err != nil {
		return 0, err
	}

	id, err := r.LastInsertId()
	if err != nil {
		return 0, err
	}

	return id, nil
}

func SelectByID(
	ctx context.Context,
	db *sql.DB,
	id int64,
) (with_db_context.MyDataModel, error) {

	r, err := Select(
		ctx,
		db,
		map[string]any{
			"id": id,
		},
	)
	if err != nil {
		return with_db_context.MyDataModel{}, err
	}

	if len(r) == 0 {
		return with_db_context.MyDataModel{}, errors.New("SelectByID: id not found - " + fmt.Sprint(id))
	}

	if len(r) > 1 {
		return with_db_context.MyDataModel{}, errors.New("found more than one entry with id")
	}

	return r[0], nil
}

func Select(
	ctx context.Context,
	db *sql.DB,
	queryParams map[string]any,
) ([]with_db_context.MyDataModel, error) {


	q := "select id, inserted_at, updated_at, some_string, some_int, (some_bool = '1') from my_data_model"

	if len(queryParams) > 0 {
		q += " where "
	}

	queryVals := make([]any, 0, len(queryParams))
	i := 0
	for k, v := range queryParams {
		if !modelContainsField(k) {
			return nil, errors.New("Select: no such field to query - " + k)
		}

		q += k + "=?"
		i++
		if i < len(queryParams) {
			q += " and "
		}
		queryVals = append(queryVals, v)
	}

	r, err := db.QueryContext(
		ctx,
		q,
		queryVals...,
	)
	if err != nil {
		return nil, err
	}

	// TODO: make this a configurable param
	maxResponses := 1000
	res := make([]with_db_context.MyDataModel, 0, maxResponses)
	for r.Next() {

		if len(res) >= maxResponses {
			return nil, errors.New("select query exceeded max responses")
		}

		var d with_db_context.MyDataModel
		err := r.Scan(
			&d.ID,
			&d.InsertedAt,
			&d.UpdatedAt,
			&d.SomeString,
			&d.SomeInt,
			&d.SomeBool,
		)
		if err != nil {
			return nil, err
		}

		res = append(res, d)
	}

	return res, nil
}

func Update(
	ctx context.Context,
	db *sql.DB,
	updates map[string]any,
	queryParams map[string]any,
) (int64, error) {

	if len(updates) == 0 {
		return 0, nil
	}

	query := "update my_data_model set "
	queryArgs := make([]any, 0, len(updates) + len(queryParams))
	i := 0
	for k, v := range updates {
		if !modelContainsField(k) {
			return 0, errors.New("Update: no such field to update - " + k)
		}

		query += k + "=?"
		i++
		if i < len(updates) {
			query += ", "
		}

		queryArgs = append(queryArgs, v)
	}

	if len(queryParams) > 0 {
		query += " where "
	}
	i = 0
	for k, v := range queryParams {
		if !modelContainsField(k) {
			return 0, errors.New("Update: no such field to query - " + k)
		}

		query += k + "=?"
		i++
		if i < len(queryParams) {
			query += " and "
		}

		queryArgs = append(queryArgs, v)
	}

	r, err := db.ExecContext(
		ctx,
		query,
		queryArgs...,
	)
	if err != nil {
		return 0, err
	}

	count, err := r.RowsAffected()
	if err != nil {
		return 0, err
	}

	return count, nil
}

func UpdateByID(
	ctx context.Context,
	db *sql.DB,
	id int64,
	updates map[string]any,
) error {

	if len(updates) == 0 {
		return nil
	}

	n, err := Update(
		ctx,
		db,
		updates,
		map[string]any{
			"id": id,
		},
	)
	if err != nil {
		return err
	}

	if n == 0 {
		return errors.New("UpdateByID: no such ID")
	}

	return nil
}

func Delete(
	ctx context.Context,
	db *sql.DB,
	queryParams map[string]any,
) (int64, error) {

	query := "delete from my_data_model"

	if len(queryParams) > 0 {
		query += " where "
	}
	i := 0
	queryArgs := make([]any, 0, len(queryParams))
	for k, v := range queryParams {
		if !modelContainsField(k) {
			return 0, errors.New("Delete: no such field to query - " + k)
		}

		query += k + "=?"
		i++
		if i < len(queryParams) {
			query += " and "
		}

		queryArgs = append(queryArgs, v)
	}

	r, err := db.ExecContext(
		ctx,
		query,
		queryArgs...,
	)
	if err != nil {
		return 0, err
	}

	count, err := r.RowsAffected()
	if err != nil {
		return 0, err
	}

	return count, nil
}

func DeleteByID(
	ctx context.Context,
	db *sql.DB,
	id int64,
) error {

	n, err := Delete(
		ctx,
		db,
		map[string]any{
			"id": id,
		},
	)
	if err != nil {
		return err
	}

	if n == 0 {
		return errors.New("DeleteByID: no such ID")
	}

	return nil
}

func modelContainsField(field string) bool {

	modelFields := map[string]bool{
		"id": true,
		"inserted_at": true,
		"updated_at": true,
		"some_string": true,
		"some_int": true,
		"some_bool": true,
	}

	return modelFields[field]
}

